// Jest Snapshot v1, https://goo.gl/fbAQLP

exports[`should render Header correctly 1`] = `
<header>
  <h1>
    Expensify
  </h1>
  <Link
    className="is-active"
    to="/dashboard"
  >
    Dashboard
  </Link>
  <Link
    className="is-active"
    to="/create"
  >
    Create Expense
  </Link>
  <button
    onClick={[Function]}
  >
    Log out
  </button>
</header>
`;
